// Jest Snapshot v1, https://goo.gl/fbAQLP

exports[`ContactDetailsPage matches snapshot 1`] = `
<Page
  className="root"
  scrollingDisabled={false}
  title="ProfileSettingsPage.title"
>
  <LayoutSingleColumn
    className={null}
    footer={<injectIntl(Footer) />}
    rootClassName={null}
    topbar={
      <React.Fragment>
        <withRouter(Connect(TopbarContainerComponent))
          currentPage="ProfileSettingsPage"
        />
        <UserNav
          className={null}
          currentPage="ProfileSettingsPage"
          rootClassName={null}
        />
      </React.Fragment>
    }
  >
    <div
      className="content"
    >
      <div
        className="headingContainer"
      >
        <H3
          as="h1"
          className="heading"
          rootClassName={null}
        >
          <MemoizedFormattedMessage
            id="ProfileSettingsPage.heading"
          />
        </H3>
      </div>
    </div>
  </LayoutSingleColumn>
</Page>
`;
