// Jest Snapshot v1, https://goo.gl/fbAQLP

exports[`AVListingDetails matches snapshot 1`] = `
<DocumentFragment>
  <div
    class="root"
  >
    <div
      class="brandRow"
    >
      <a
        class="brandLink"
        href="/s?pub_brand=prada"
      >
        Prada
      </a>
    </div>
    <div
      class="sizesRow"
    >
      <span
        class="label"
      >
        Talla: 
      </span>
      <ul
        class="chipList"
      >
        <li
          class="chipItem"
        >
          <a
            class="chip"
            href="/s?pub_all_sizes=xs"
          >
            XS
          </a>
        </li>
      </ul>
    </div>
    <div
      class="descriptionRow"
    >
      <span
        class="descriptionText"
      >
        Short description
      </span>
    </div>
    <div
      class="row"
    >
      <span
        class="label"
      >
        Condición: 
      </span>
      <a
        class="link"
        href="/s?pub_estado=buen-estado"
      >
        Buen estado
      </a>
    </div>
    <div
      class="colorRow"
    >
      <span
        class="label"
      >
        Color: 
      </span>
      <ul
        class="swatchList"
      >
        <li
          class="swatchItem"
        >
          <a
            class="swatchLink"
            href="/s?pub_color=rojo"
          >
            <span
              class="swatch"
              style="background-color: rgb(255, 0, 0);"
            />
            <span
              class="swatchLabel"
            >
              Rojo
            </span>
          </a>
        </li>
      </ul>
    </div>
    <div
      class="row"
    >
      <span
        class="label"
      >
        <span>
          AVListingDetails.categoryLabel
        </span>
        : 
      </span>
      <a
        class="link"
        href="/s?pub_categoryLevel1=ropa"
      >
        Ropa
      </a>
    </div>
    <div
      class="row"
    >
      <span
        class="label"
      >
        Género: 
      </span>
      <a
        class="link"
        href="/s?pub_genero=unisex"
      >
        Unisex
      </a>
    </div>
  </div>
</DocumentFragment>
`;
