// Jest Snapshot v1, https://goo.gl/fbAQLP

exports[`LandingPage matches snapshot 1`] = `
<div
  class="root"
>
  <div
    class="content"
  >
    <div
      class="layout"
      style="grid-template-areas: 'topbar' 'main' 'footer'; display: grid;"
    >
      <header
        class="topbar"
        style="grid-area: topbar;"
      >
        <div
          class="root"
        >
          <div
            class="container"
          >
            <button
              class="menu"
              title="Topbar.menuIcon"
            >
              <svg
                class="rootMenuIcon menuIcon"
                height="12"
                viewBox="0 0 18 12"
                width="18"
                xmlns="http://www.w3.org/2000/svg"
              >
                <g
                  fill-rule="evenodd"
                >
                  <rect
                    height="2"
                    rx="1"
                    width="18"
                  />
                  <rect
                    height="2"
                    rx="1"
                    width="18"
                    y="5"
                  />
                  <rect
                    height="2"
                    rx="1"
                    width="18"
                    y="10"
                  />
                </g>
              </svg>
            </button>
            <a
              class="root NamedLink_active"
              href="/"
            >
              <img
                alt="Topbar.logoIcon"
                class="logo"
                src="biketribe-logo-mobile.png"
              />
            </a>
            <button
              class="searchMenu"
              title="Topbar.searchIcon"
            >
              <svg
                class="rootSearchIcon searchMenuIcon"
                height="18"
                viewBox="0 0 18 18"
                width="18"
                xmlns="http://www.w3.org/2000/svg"
              >
                <g
                  fill="none"
                  fill-rule="evenodd"
                  stroke-linecap="round"
                  stroke-linejoin="round"
                  stroke-width="2"
                  transform="matrix(-1 0 0 1 17 1)"
                >
                  <path
                    d="M11.733 11.733l3.727 3.727"
                  />
                  <circle
                    cx="6.4"
                    cy="6.4"
                    r="6.4"
                  />
                </g>
              </svg>
            </button>
          </div>
          <div
            class="desktop"
          >
            <nav
              class="root"
            >
              <a
                class="root logoLink NamedLink_active"
                href="/"
              >
                <img
                  alt="TopbarDesktop.logo"
                  class="logo"
                  src="biketribe-logo-desktop.png"
                />
              </a>
              <form
                action="/"
                class="searchLink"
                method="post"
              >
                <div
                  class="keywordSearchWrapper topbarSearchWithLeftPadding"
                >
                  <button
                    class="searchSubmit"
                  >
                    <div
                      class="desktopIcon"
                    >
                      <svg
                        class="iconSvg"
                        height="22"
                        viewBox="0 0 21 22"
                        width="21"
                        xmlns="http://www.w3.org/2000/svg"
                      >
                        <g
                          class="iconSvgGroup"
                          fill="none"
                          fill-rule="evenodd"
                          stroke-linecap="round"
                          stroke-linejoin="round"
                          stroke-width="2"
                          transform="matrix(-1 0 0 1 20 1)"
                        >
                          <path
                            d="M13 14l5.241 5.241"
                          />
                          <circle
                            cx="7.5"
                            cy="7.5"
                            r="7.5"
                          />
                        </g>
                      </svg>
                    </div>
                  </button>
                  <input
                    autocomplete="off"
                    class="desktopInput"
                    id="keyword-search"
                    name="keywords"
                    placeholder="TopbarSearchForm.placeholder"
                    type="text"
                    value=""
                  />
                </div>
              </form>
              <a
                class="createListingLink"
                href="/l/new"
              >
                <span
                  class="createListing"
                >
                  <span>
                    TopbarDesktop.createListing
                  </span>
                </span>
              </a>
              <a
                class="signupLink"
                href="/signup"
              >
                <span
                  class="signup"
                >
                  <span>
                    TopbarDesktop.signup
                  </span>
                </span>
              </a>
              <a
                class="loginLink"
                href="/login"
              >
                <span
                  class="login"
                >
                  <span>
                    TopbarDesktop.login
                  </span>
                </span>
              </a>
            </nav>
          </div>
          <div
            class="genericError"
          >
            <div
              class="genericErrorContent"
            >
              <p
                class="genericErrorText"
              >
                <span>
                  Topbar.genericError
                </span>
              </p>
            </div>
          </div>
        </div>
      </header>
      <main
        class="main"
        style="grid-area: main;"
      >
        <section
          class="root"
          id="maintenance-mode"
        >
          <div
            class="content"
          >
            <h2>
              Maintenance mode
            </h2>
            <p>
              The marketplace is not fully operational at the moment.
              <br />
              Try refreshing the page and if that does not solve the issue, contact the marketplace admins.
            </p>
          </div>
        </section>
      </main>
      <div
        style="grid-area: footer;"
      >
        <div
          class="root"
        >
          <div
            class="topBorderWrapper"
          >
            <div
              class="content"
            >
              <div
                class="socialLinksMobile"
              />
              <div
                class="links"
              >
                <div
                  class="organization"
                  id="organization"
                >
                  <a
                    class="logoLink NamedLink_active"
                    href="/"
                  >
                    <img
                      alt="MarketplaceX"
                      class="logo"
                      src="biketribe-logo-desktop.png"
                    />
                  </a>
                  <div
                    class="organizationInfo"
                  >
                    <p
                      class="organizationDescription"
                    >
                      <span>
                        Footer.organizationDescription
                      </span>
                    </p>
                    <p
                      class="organizationCopyright"
                    >
                      <a
                        class="copyrightLink NamedLink_active"
                        href="/"
                      >
                        <span>
                          Footer.copyright
                        </span>
                      </a>
                    </p>
                  </div>
                </div>
                <div
                  class="infoLinks"
                >
                  <ul
                    class="list"
                  >
                    <li
                      class="listItem"
                    >
                      <a
                        class="link"
                        href="/p/about"
                      >
                        <span>
                          Footer.toAboutPage
                        </span>
                      </a>
                    </li>
                    <li
                      class="listItem"
                    >
                      <a
                        class="link"
                        href="/s"
                      >
                        <span>
                          Footer.toSearchPage
                        </span>
                      </a>
                    </li>
                    <li
                      class="listItem"
                    >
                      <a
                        class="link"
                        href="/l/new"
                      >
                        <span>
                          Footer.toNewListingPage
                        </span>
                      </a>
                    </li>
                  </ul>
                </div>
                <div
                  class="searches"
                >
                  <ul
                    class="list"
                  >
                    <li
                      class="listItem"
                    >
                      <a
                        class="link"
                        href="/s?address=Helsinki%2C%20Finland&bounds=60.2978389%2C25.254484899999966%2C59.9224887%2C24.782875800000056&origin=60.16985569999999%2C24.93837910000002"
                      >
                        <span>
                          Footer.link1
                        </span>
                      </a>
                    </li>
                    <li
                      class="listItem"
                    >
                      <a
                        class="link"
                        href="/s?address=Turku%2C%20Finland&bounds=60.5304531%2C22.38197820000005%2C60.33361189999999%2C22.066440100000023&origin=60.4518126%2C22.26663020000001"
                      >
                        <span>
                          Footer.link2
                        </span>
                      </a>
                    </li>
                    <li
                      class="listItem"
                    >
                      <a
                        class="link"
                        href="/s?address=Tampere%2C%20Finland&bounds=61.83657359999999%2C24.118384099999957%2C61.42728169999999%2C23.542201299999988&origin=61.4977524%2C23.760953500000028"
                      >
                        <span>
                          Footer.link3
                        </span>
                      </a>
                    </li>
                    <li
                      class="listItem"
                    >
                      <a
                        class="link"
                        href="/s?address=Oulu%2C%20Finland&bounds=65.5643426%2C26.770696000000044%2C64.8443082%2C24.114941999999928&origin=65.0120888%2C25.465077199999996"
                      >
                        <span>
                          Footer.link4
                        </span>
                      </a>
                    </li>
                    <li
                      class="listItem"
                    >
                      <a
                        class="link"
                        href="/s?address=Rukatunturi%2C%20Kuusamo%2C%20Finland&bounds=66.1699707%2C29.167735499999935%2C66.1609529%2C29.13572069999998&origin=66.1654622%2C29.151728100000014"
                      >
                        <span>
                          Footer.link5
                        </span>
                      </a>
                    </li>
                  </ul>
                </div>
                <div
                  class="searchesExtra"
                >
                  <ul
                    class="list"
                  >
                    <li
                      class="listItem"
                    >
                      <a
                        class="link"
                        href="/s?address=Kuopio%2C%20Finland&bounds=63.40340329999999%2C28.457629300000008%2C62.592254%2C26.890028099999995&origin=62.89796999999999%2C27.67817249999996"
                      >
                        <span>
                          Footer.link6
                        </span>
                      </a>
                    </li>
                    <li
                      class="listItem"
                    >
                      <a
                        class="link"
                        href="/s?address=Mikkeli%2C%20Finland&bounds=62.1990357%2C27.900274999999965%2C61.20955799999999%2C26.82762809999997&origin=61.68872709999999%2C27.27214570000001"
                      >
                        <span>
                          Footer.link7
                        </span>
                      </a>
                    </li>
                    <li
                      class="listItem"
                    >
                      <a
                        class="link"
                        href="/s?address=Espoo%2C%20Finland&bounds=60.3636105%2C24.8505715%2C60.0499087%2C24.499656500000015&origin=60.2054911%2C24.655899999999974"
                      >
                        <span>
                          Footer.link8
                        </span>
                      </a>
                    </li>
                    <li
                      class="listItem"
                    >
                      <a
                        class="link"
                        href="/s?address=Vantaa%2C%20Finland&bounds=60.40113659999999%2C25.19306240000003%2C60.23714200000001%2C24.746512199999984&origin=60.29335239999999%2C25.037768599999936"
                      >
                        <span>
                          Footer.link9
                        </span>
                      </a>
                    </li>
                    <li
                      class="listItem"
                    >
                      <a
                        class="link"
                        href="/s?address=Ahvenanmaan%20saaristo%2C%20Åland%20Islands&bounds=60.87664400000001%2C21.34532850000005%2C59.45425059999999%2C19.94061499999998&origin=59.8994405%2C20.593996100000027"
                      >
                        <span>
                          Footer.link10
                        </span>
                      </a>
                    </li>
                  </ul>
                </div>
                <div
                  class="extraLinks"
                >
                  <div
                    class="legalMatters"
                  >
                    <ul
                      class="tosAndPrivacy"
                    >
                      <li>
                        <a
                          class="legalLink"
                          href="/terms-of-service"
                        >
                          <span>
                            Footer.termsOfUse
                          </span>
                        </a>
                      </li>
                      <li>
                        <a
                          class="legalLink"
                          href="/privacy-policy"
                        >
                          <span>
                            Footer.privacyPolicy
                          </span>
                        </a>
                      </li>
                    </ul>
                  </div>
                </div>
              </div>
              <div
                class="copyrightAndTermsMobile"
              >
                <a
                  class="organizationCopyrightMobile NamedLink_active"
                  href="/"
                >
                  <span>
                    Footer.copyright
                  </span>
                </a>
                <div
                  class="tosAndPrivacyMobile"
                >
                  <a
                    class="privacy"
                    href="/privacy-policy"
                  >
                    <span>
                      Footer.privacy
                    </span>
                  </a>
                  <a
                    class="terms"
                    href="/terms-of-service"
                  >
                    <span>
                      Footer.terms
                    </span>
                  </a>
                </div>
              </div>
            </div>
          </div>
        </div>
      </div>
    </div>
  </div>
</div>
`;
