// Jest Snapshot v1, https://goo.gl/fbAQLP

exports[`ContactDetailsPage matches snapshot 1`] = `
<Page
  scrollingDisabled={false}
  title="PasswordRecoveryPage.title"
>
  <LayoutSingleColumn
    className={null}
    footer={<injectIntl(Footer) />}
    mainColumnClassName="layoutWrapperMain"
    rootClassName={null}
    topbar={<withRouter(Connect(TopbarContainerComponent)) />}
  >
    <ResponsiveBackgroundImageContainer
      alt={null}
      as="section"
      childrenWrapperClassName="contentContainer"
      className="root"
      image="http://test.image.for/brand.use.png"
      rootClassName={null}
      sizes="100%"
      useOverlay={true}
    >
      <PasswordRecovery
        initialEmail={null}
        onChange={[Function]}
        onSubmitEmail={[Function]}
        recoveryError={null}
        recoveryInProgress={false}
      />
    </ResponsiveBackgroundImageContainer>
  </LayoutSingleColumn>
</Page>
`;
