// Jest Snapshot v1, https://goo.gl/fbAQLP

exports[`EditListingDetailsForm matches snapshot 1`] = `
<form
  action="/"
  className="root"
  method="post"
  onSubmit={[Function]}
>
  <div
    className="root title"
  >
    <label
      htmlFor="title"
    >
      EditListingDetailsForm.title
    </label>
    <input
      className="input"
      id="title"
      maxLength={60}
      name="title"
      onBlur={[Function]}
      onChange={[Function]}
      onFocus={[Function]}
      placeholder="EditListingDetailsForm.titlePlaceholder"
      type="text"
      value=""
    />
  </div>
  <div
    className="root description"
  >
    <label
      htmlFor="description"
    >
      EditListingDetailsForm.description
    </label>
    <textarea
      className="input textarea"
      id="description"
      maxLength={5000}
      name="description"
      onBlur={[Function]}
      onChange={[Function]}
      onFocus={[Function]}
      placeholder="EditListingDetailsForm.descriptionPlaceholder"
      rows={1}
      value=""
    />
  </div>
  <div
    className="root detailsSelect"
  >
    <label
      htmlFor="category"
    >
      EditListingDetailsForm.categoryLabel
    </label>
    <select
      className="select"
      id="category"
      name="category"
      onBlur={[Function]}
      onChange={[Function]}
      onFocus={[Function]}
      value=""
    >
      <option
        disabled={true}
        value=""
      >
        EditListingDetailsForm.categoryPlaceholder
      </option>
      <option
        key="men"
        value="men"
      >
        Men
      </option>
      <option
        key="women"
        value="women"
      >
        Women
      </option>
      <option
        key="kids"
        value="kids"
      >
        Kids
      </option>
    </select>
  </div>
  <div
    className="root detailsSelect"
  >
    <label
      htmlFor="size"
    >
      EditListingDetailsForm.sizeLabel
    </label>
    <select
      className="select"
      id="size"
      name="size"
      onBlur={[Function]}
      onChange={[Function]}
      onFocus={[Function]}
      value=""
    >
      <option
        disabled={true}
        value=""
      >
        EditListingDetailsForm.sizePlaceholder
      </option>
      <option
        key="4"
        value="4"
      >
        4
      </option>
      <option
        key="5"
        value="5"
      >
        5
      </option>
      <option
        key="6"
        value="6"
      >
        6
      </option>
      <option
        key="7"
        value="7"
      >
        7
      </option>
      <option
        key="8"
        value="8"
      >
        8
      </option>
      <option
        key="9"
        value="9"
      >
        9
      </option>
      <option
        key="10"
        value="10"
      >
        10
      </option>
      <option
        key="11"
        value="11"
      >
        11
      </option>
      <option
        key="12"
        value="12"
      >
        12
      </option>
    </select>
  </div>
  <div
    className="root detailsSelect"
  >
    <label
      htmlFor="brand"
    >
      EditListingDetailsForm.brandLabel
    </label>
    <select
      className="select"
      id="brand"
      name="brand"
      onBlur={[Function]}
      onChange={[Function]}
      onFocus={[Function]}
      value=""
    >
      <option
        disabled={true}
        value=""
      >
        EditListingDetailsForm.brandPlaceholder
      </option>
      <option
        key="adidas"
        value="adidas"
      >
        Adidas
      </option>
      <option
        key="air_jordan"
        value="air_jordan"
      >
        Air Jordan
      </option>
      <option
        key="converse"
        value="converse"
      >
        Converse
      </option>
      <option
        key="new_balance"
        value="new_balance"
      >
        New Balance
      </option>
      <option
        key="nike"
        value="nike"
      >
        Nike
      </option>
      <option
        key="puma"
        value="puma"
      >
        Puma
      </option>
      <option
        key="ultraboost"
        value="ultraboost"
      >
        Ultraboost
      </option>
      <option
        key="vans"
        value="vans"
      >
        Vans
      </option>
      <option
        key="yeezy"
        value="yeezy"
      >
        Yeezy
      </option>
      <option
        key="other"
        value="other"
      >
        Other
      </option>
    </select>
  </div>
  <button
    className="root submitButton"
    disabled={true}
    type="submit"
  >
    Save details
  </button>
</form>
`;
