// Jest Snapshot v1, https://jestjs.io/docs/snapshot-testing

exports[`EditListingPhotosForm matches snapshot 1`] = `
<DocumentFragment>
  <form
    action="/"
    class="root"
    method="post"
  >
    <div
      class="imageSlotsGrid"
    >
      <div
        class="root"
      >
        <div
          class="slotWrapper"
        >
          <div
            class="root"
          >
            <div
              class="aspectPadding"
              style="padding-bottom: 100%;"
            >
              <div
                class="aspectBox"
              >
                <input
                  accept="image/*"
                  class="fileInput"
                  id="addImage_front"
                  name="addImage_front"
                  type="file"
                />
                <label
                  class="uploadArea"
                  for="addImage_front"
                >
                  <svg
                    class="cameraIcon"
                    fill="none"
                    viewBox="0 0 64 64"
                    xmlns="http://www.w3.org/2000/svg"
                  >
                    <path
                      d="M8 22h6l4-6h28l4 6h6a2 2 0 012 2v28a2 2 0 01-2 2H8a2 2 0 01-2-2V24a2 2 0 012-2z"
                      fill="currentColor"
                      opacity="0.15"
                      stroke="currentColor"
                      stroke-linejoin="round"
                      stroke-width="2.5"
                    />
                    <circle
                      cx="32"
                      cy="36"
                      fill="white"
                      r="10"
                      stroke="currentColor"
                      stroke-width="2.5"
                    />
                    <circle
                      cx="32"
                      cy="36"
                      r="6"
                      stroke="currentColor"
                      stroke-width="2"
                    />
                    <line
                      stroke="currentColor"
                      stroke-linecap="round"
                      stroke-width="2.5"
                      x1="32"
                      x2="32"
                      y1="8"
                      y2="16"
                    />
                    <line
                      stroke="currentColor"
                      stroke-linecap="round"
                      stroke-width="2.5"
                      x1="28"
                      x2="36"
                      y1="12"
                      y2="12"
                    />
                  </svg>
                  <span
                    class="uploadLabel"
                  >
                    EditListingPhotosForm.slotLabel.front
                  </span>
                </label>
              </div>
            </div>
          </div>
        </div>
      </div>
      <div
        class="root"
      >
        <div
          class="slotWrapper"
        >
          <div
            class="root"
          >
            <div
              class="aspectPadding"
              style="padding-bottom: 100%;"
            >
              <div
                class="aspectBox"
              >
                <input
                  accept="image/*"
                  class="fileInput"
                  id="addImage_back"
                  name="addImage_back"
                  type="file"
                />
                <label
                  class="uploadArea"
                  for="addImage_back"
                >
                  <svg
                    class="cameraIcon"
                    fill="none"
                    viewBox="0 0 64 64"
                    xmlns="http://www.w3.org/2000/svg"
                  >
                    <path
                      d="M8 22h6l4-6h28l4 6h6a2 2 0 012 2v28a2 2 0 01-2 2H8a2 2 0 01-2-2V24a2 2 0 012-2z"
                      fill="currentColor"
                      opacity="0.15"
                      stroke="currentColor"
                      stroke-linejoin="round"
                      stroke-width="2.5"
                    />
                    <circle
                      cx="32"
                      cy="36"
                      fill="white"
                      r="10"
                      stroke="currentColor"
                      stroke-width="2.5"
                    />
                    <circle
                      cx="32"
                      cy="36"
                      r="6"
                      stroke="currentColor"
                      stroke-width="2"
                    />
                    <line
                      stroke="currentColor"
                      stroke-linecap="round"
                      stroke-width="2.5"
                      x1="32"
                      x2="32"
                      y1="8"
                      y2="16"
                    />
                    <line
                      stroke="currentColor"
                      stroke-linecap="round"
                      stroke-width="2.5"
                      x1="28"
                      x2="36"
                      y1="12"
                      y2="12"
                    />
                  </svg>
                  <span
                    class="uploadLabel"
                  >
                    EditListingPhotosForm.slotLabel.back
                  </span>
                </label>
              </div>
            </div>
          </div>
        </div>
      </div>
      <div
        class="root"
      >
        <div
          class="slotWrapper"
        >
          <div
            class="root"
          >
            <div
              class="aspectPadding"
              style="padding-bottom: 100%;"
            >
              <div
                class="aspectBox"
              >
                <input
                  accept="image/*"
                  class="fileInput"
                  id="addImage_horizontal"
                  name="addImage_horizontal"
                  type="file"
                />
                <label
                  class="uploadArea"
                  for="addImage_horizontal"
                >
                  <svg
                    class="cameraIcon"
                    fill="none"
                    viewBox="0 0 64 64"
                    xmlns="http://www.w3.org/2000/svg"
                  >
                    <path
                      d="M8 22h6l4-6h28l4 6h6a2 2 0 012 2v28a2 2 0 01-2 2H8a2 2 0 01-2-2V24a2 2 0 012-2z"
                      fill="currentColor"
                      opacity="0.15"
                      stroke="currentColor"
                      stroke-linejoin="round"
                      stroke-width="2.5"
                    />
                    <circle
                      cx="32"
                      cy="36"
                      fill="white"
                      r="10"
                      stroke="currentColor"
                      stroke-width="2.5"
                    />
                    <circle
                      cx="32"
                      cy="36"
                      r="6"
                      stroke="currentColor"
                      stroke-width="2"
                    />
                    <line
                      stroke="currentColor"
                      stroke-linecap="round"
                      stroke-width="2.5"
                      x1="32"
                      x2="32"
                      y1="8"
                      y2="16"
                    />
                    <line
                      stroke="currentColor"
                      stroke-linecap="round"
                      stroke-width="2.5"
                      x1="28"
                      x2="36"
                      y1="12"
                      y2="12"
                    />
                  </svg>
                  <span
                    class="uploadLabel"
                  >
                    EditListingPhotosForm.slotLabel.horizontal
                  </span>
                </label>
              </div>
            </div>
          </div>
        </div>
      </div>
      <div
        class="root"
      >
        <div
          class="slotWrapper"
        >
          <div
            class="root"
          >
            <div
              class="aspectPadding"
              style="padding-bottom: 100%;"
            >
              <div
                class="aspectBox"
              >
                <input
                  accept="image/*"
                  class="fileInput"
                  id="addImage_details"
                  name="addImage_details"
                  type="file"
                />
                <label
                  class="uploadArea"
                  for="addImage_details"
                >
                  <svg
                    class="cameraIcon"
                    fill="none"
                    viewBox="0 0 64 64"
                    xmlns="http://www.w3.org/2000/svg"
                  >
                    <path
                      d="M8 22h6l4-6h28l4 6h6a2 2 0 012 2v28a2 2 0 01-2 2H8a2 2 0 01-2-2V24a2 2 0 012-2z"
                      fill="currentColor"
                      opacity="0.15"
                      stroke="currentColor"
                      stroke-linejoin="round"
                      stroke-width="2.5"
                    />
                    <circle
                      cx="32"
                      cy="36"
                      fill="white"
                      r="10"
                      stroke="currentColor"
                      stroke-width="2.5"
                    />
                    <circle
                      cx="32"
                      cy="36"
                      r="6"
                      stroke="currentColor"
                      stroke-width="2"
                    />
                    <line
                      stroke="currentColor"
                      stroke-linecap="round"
                      stroke-width="2.5"
                      x1="32"
                      x2="32"
                      y1="8"
                      y2="16"
                    />
                    <line
                      stroke="currentColor"
                      stroke-linecap="round"
                      stroke-width="2.5"
                      x1="28"
                      x2="36"
                      y1="12"
                      y2="12"
                    />
                  </svg>
                  <span
                    class="uploadLabel"
                  >
                    EditListingPhotosForm.slotLabel.details
                  </span>
                </label>
              </div>
            </div>
          </div>
        </div>
      </div>
    </div>
    <div
      class="arrayError"
    >
      EditListingPhotosForm.frontImageRequired
    </div>
    <p
      class="tip"
    >
      <span>
        EditListingPhotosForm.addImagesTip
      </span>
    </p>
    <button
      class="root submitButton"
      disabled=""
      type="submit"
    >
      Save photos
    </button>
  </form>
</DocumentFragment>
`;
