// Jest Snapshot v1, https://goo.gl/fbAQLP

exports[`AVCategoryCard matches snapshot 1`] = `
<a
  class="root"
  href="/s?pub_categoryLevel1=blazers"
>
  <div
    class="imageWrapper"
  >
    <img
      alt="Blazers category"
      class="root image"
      sizes="(max-width: 767px) 50vw, 25vw"
      srcset=""
    />
    <div
      class="overlay"
    >
      <span
        class="name"
      >
        Blazers
      </span>
    </div>
  </div>
</a>
`;
