// Jest Snapshot v1, https://jestjs.io/docs/snapshot-testing

exports[`FieldSelectPopup matches snapshot (closed, no value selected) 1`] = `
<form>
  <div
    class="root"
  >
    <label
      class=""
      for="test.startTime"
      id="test.startTime-label"
    >
      Start time
    </label>
    <div
      class="popupWrapper"
    >
      <button
        aria-controls="test.startTime-listbox"
        aria-expanded="false"
        aria-haspopup="listbox"
        aria-labelledby="test.startTime-label test.startTime-value"
        class="trigger"
        id="test.startTime"
        type="button"
      >
        <span
          class="triggerLabel"
          id="test.startTime-value"
        >
          Choose start time
        </span>
      </button>
    </div>
  </div>
  <button
    disabled=""
    type="submit"
  >
    Submit
  </button>
</form>
`;
