// Jest Snapshot v1, https://goo.gl/fbAQLP

exports[`CheckoutPage matches snapshot 1`] = `
<Page
  scrollingDisabled={false}
  title="CheckoutPage.default-purchase.title"
>
  <CustomTopbar
    className={null}
    intl={
      Object {
        "formatDate": [Function],
        "formatDateTimeRange": [Function],
        "formatMessage": [Function],
        "formatNumber": [Function],
        "formatPlural": [Function],
        "formatRelativeTime": [Function],
        "formatTime": [Function],
        "now": [Function],
      }
    }
    rootClassName={null}
  />
  <div
    className="contentContainer"
  >
    <AspectRatioWrapper
      className="aspectWrapper"
      height={400}
      rootClassName={null}
      width={400}
    >
      <ResponsiveImage
        alt="listing1 title"
        className={null}
        image={null}
        noImageMessage={null}
        rootClassName="rootForImage"
        sizes={null}
        variants={Array []}
      />
    </AspectRatioWrapper>
    <div
      className="avatarWrapper avatarMobile"
    >
      <AvatarMedium
        disableProfileLink={true}
        user={
          Object {
            "attributes": Object {
              "banned": false,
              "deleted": false,
              "profile": Object {
                "abbreviatedName": "TT",
                "displayName": "author display name",
              },
            },
            "id": UUID {
              "_sdkType": "UUID",
              "uuid": "author",
            },
            "type": "user",
          }
        }
      />
    </div>
    <div
      className="bookListingContainer"
    >
      <div
        className="headingContainer"
      >
        <H3
          as="h1"
          className="heading"
          rootClassName={null}
        >
          CheckoutPage.default-purchase.title
        </H3>
        <H4
          as="h2"
          className="detailsHeadingMobile"
          rootClassName={null}
        >
          <MemoizedFormattedMessage
            id="CheckoutPage.listingTitle"
            values={
              Object {
                "listingTitle": "listing1 title",
              }
            }
          />
        </H4>
      </div>
      <div
        className="priceBreakdownContainer"
      />
      <section
        className="paymentContainer"
      >
        <injectIntl(StripePaymentForm)
          askShippingDetails={true}
          authorDisplayName="author display name"
          className="paymentForm"
          confirmPaymentError={null}
          defaultPaymentMethod={null}
          formId="CheckoutPagePaymentForm"
          hasHandledCardPayment={null}
          inProgress={false}
          initialValues={
            Object {
              "name": "currentUser first name currentUser last name",
              "recipientName": "currentUser first name currentUser last name",
            }
          }
          initiateOrderError={null}
          isBooking={false}
          isFuzzyLocation={false}
          loadingData={true}
          locale="en"
          marketplaceName="MarketplaceX"
          onStripeInitialized={[Function]}
          onSubmit={[Function]}
          paymentIntent={null}
          showInitialMessageInput={true}
          showPickUplocation={false}
          stripePublishableKey="pk_test_"
          totalPrice={null}
        />
      </section>
    </div>
    <div
      className="detailsContainerDesktop"
    >
      <AspectRatioWrapper
        className="detailsAspectWrapper"
        height={400}
        rootClassName={null}
        width={400}
      >
        <ResponsiveImage
          alt="listing1 title"
          className={null}
          image={null}
          noImageMessage={null}
          rootClassName="rootForImage"
          sizes={null}
          variants={Array []}
        />
      </AspectRatioWrapper>
      <div
        className="listingDetailsWrapper"
      >
        <div
          className="avatarWrapper"
        >
          <AvatarMedium
            disableProfileLink={true}
            user={
              Object {
                "attributes": Object {
                  "banned": false,
                  "deleted": false,
                  "profile": Object {
                    "abbreviatedName": "TT",
                    "displayName": "author display name",
                  },
                },
                "id": UUID {
                  "_sdkType": "UUID",
                  "uuid": "author",
                },
                "type": "user",
              }
            }
          />
        </div>
        <div
          className="detailsHeadings"
        >
          <H4
            as="h2"
            className={null}
            rootClassName={null}
          >
            <NamedLink
              name="ListingPage"
              params={
                Object {
                  "id": "listing1",
                  "slug": "listing1-title",
                }
              }
            >
              listing1 title
            </NamedLink>
          </H4>
        </div>
        <H6
          as="h3"
          className="orderBreakdownTitle"
          rootClassName={null}
        >
          <MemoizedFormattedMessage
            id="CheckoutPage.default-purchase.orderBreakdown"
          />
        </H6>
        <hr
          className="totalDivider"
        />
      </div>
    </div>
  </div>
</Page>
`;
