// Jest Snapshot v1, https://goo.gl/fbAQLP

exports[`NotFoundPageComponent matches snapshot 1`] = `
<Page
  scrollingDisabled={false}
  title="NotFoundPage.title"
>
  <LayoutSingleColumn
    className={null}
    footer={<injectIntl(Footer) />}
    rootClassName={null}
    topbar={<withRouter(Connect(TopbarContainerComponent)) />}
  >
    <div
      className="root"
    >
      <div
        className="content"
      >
        <div
          className="number"
        >
          404
        </div>
        <Heading
          as="h1"
          className={null}
          rootClassName="heading"
        >
          <MemoizedFormattedMessage
            id="NotFoundPage.heading"
          />
        </Heading>
        <p
          className="description"
        >
          <MemoizedFormattedMessage
            id="NotFoundPage.description"
            values={
              Object {
                "marketplaceName": "MarketplaceX",
              }
            }
          />
        </p>
        <injectIntl(LocationSearchFormComponent)
          className="searchForm"
          isKeywordSearch={false}
          onSubmit={[Function]}
        />
      </div>
    </div>
  </LayoutSingleColumn>
</Page>
`;
