// Jest Snapshot v1, https://goo.gl/fbAQLP

exports[`ContactDetailsPage matches snapshot 1`] = `
<Page
  scrollingDisabled={false}
  title="ContactDetailsPage.title"
>
  <LayoutSideNavigation
    className={null}
    currentPage="ContactDetailsPage"
    footer={<injectIntl(Footer) />}
    rootClassName={null}
    sideNav={null}
    topbar={
      <React.Fragment>
        <withRouter(Connect(TopbarContainerComponent))
          currentPage="ContactDetailsPage"
          desktopClassName="desktopTopbar"
          mobileClassName="mobileTopbar"
        />
        <UserNav
          className={null}
          currentPage="ContactDetailsPage"
          rootClassName={null}
        />
      </React.Fragment>
    }
    useAccountSettingsNav={true}
  >
    <div
      className="content"
    >
      <H3
        as="h1"
        className={null}
        rootClassName={null}
      >
        <MemoizedFormattedMessage
          id="ContactDetailsPage.heading"
        />
      </H3>
    </div>
  </LayoutSideNavigation>
</Page>
`;
