// Jest Snapshot v1, https://goo.gl/fbAQLP

exports[`ContactDetailsPage matches snapshot 1`] = `
<Page
  scrollingDisabled={false}
  title="ManageListingsPage.title"
>
  <LayoutSingleColumn
    className={null}
    footer={<injectIntl(Footer) />}
    rootClassName={null}
    topbar={
      <React.Fragment>
        <withRouter(Connect(TopbarContainerComponent))
          currentPage="ManageListingsPage"
        />
        <UserNav
          className={null}
          currentPage="ManageListingsPage"
          rootClassName={null}
        />
      </React.Fragment>
    }
  >
    <div
      className="listingPanel"
    >
      <div
        className="listingCards"
      />
    </div>
  </LayoutSingleColumn>
</Page>
`;
